passage_rag|42|syn-1	GenerationError: answer cites unknown claim id(s): ['s1']
passage_rag|42|syn-2	GenerationError: answer cites unknown claim id(s): ['s4']
passage_rag|123|syn-1	GenerationError: answer cites unknown claim id(s): ['s1']
passage_rag|123|syn-2	GenerationError: answer cites unknown claim id(s): ['s4']
passage_rag|2026|syn-1	GenerationError: answer cites unknown claim id(s): ['s1']
passage_rag|2026|syn-2	GenerationError: answer cites unknown claim id(s): ['s4']
reranked_passage_rag|42|syn-1	GenerationError: answer cites unknown claim id(s): ['s1']
reranked_passage_rag|42|syn-2	GenerationError: answer cites unknown claim id(s): ['s4']
reranked_passage_rag|123|syn-1	GenerationError: answer cites unknown claim id(s): ['s1']
reranked_passage_rag|123|syn-2	GenerationError: answer cites unknown claim id(s): ['s4']
reranked_passage_rag|2026|syn-1	GenerationError: answer cites unknown claim id(s): ['s1']
reranked_passage_rag|2026|syn-2	GenerationError: answer cites unknown claim id(s): ['s4']
graph_no_propagation|42|syn-2	GenerationError: answer cites unknown claim id(s): ['s4']
graph_no_propagation|123|syn-2	GenerationError: answer cites unknown claim id(s): ['s4']
graph_no_propagation|2026|syn-2	GenerationError: answer cites unknown claim id(s): ['s4']
graph_top_claim|42|syn-2	GenerationError: answer cites unknown claim id(s): ['c79cae55b0eb0bf4']
graph_top_claim|123|syn-2	GenerationError: answer cites unknown claim id(s): ['c79cae55b0eb0bf4']
graph_top_claim|2026|syn-2	GenerationError: answer cites unknown claim id(s): ['c79cae55b0eb0bf4']
graph_coherent_subgraph|42|syn-2	GenerationError: answer cites unknown claim id(s): ['s4']
graph_coherent_subgraph|123|syn-2	GenerationError: answer cites unknown claim id(s): ['s4']
graph_coherent_subgraph|2026|syn-2	GenerationError: answer cites unknown claim id(s): ['s4']
graph_no_temporal|42|syn-2	GenerationError: answer cites unknown claim id(s): ['s4']
graph_no_temporal|123|syn-2	GenerationError: answer cites unknown claim id(s): ['s4']
graph_no_temporal|2026|syn-2	GenerationError: answer cites unknown claim id(s): ['s4']
graph_no_contradiction|42|syn-2	GenerationError: answer cites unknown claim id(s): ['s4']
graph_no_contradiction|123|syn-2	GenerationError: answer cites unknown claim id(s): ['s4']
graph_no_contradiction|2026|syn-2	GenerationError: answer cites unknown claim id(s): ['s4']
graph_with_propagation|42|syn-2	GenerationError: answer cites unknown claim id(s): ['s4']
graph_with_propagation|123|syn-2	GenerationError: answer cites unknown claim id(s): ['s4']
graph_with_propagation|2026|syn-2	GenerationError: answer cites unknown claim id(s): ['s4']
full_egrag|42|syn-2	GenerationError: answer cites unknown claim id(s): ['s4']
full_egrag|123|syn-2	GenerationError: answer cites unknown claim id(s): ['s4']
full_egrag|2026|syn-2	GenerationError: answer cites unknown claim id(s): ['s4']
