passage_rag|0|87b23ccb67781f8cc560c4e9fe6d250e	GenerationError: answer cites unknown claim id(s): ['c1']
passage_rag|0|ad6bc41fe6ebf69a7f90097d86dcac55	GenerationError: answer cites unknown claim id(s): ['c1']
passage_rag|0|9f1a26d273fd5bd11f2a672ebf5fd687	GenerationError: malformed structured output: truncated or unterminated JSON object
passage_rag|0|1e8cf5f6055220564f3918369565d9e4	GenerationError: malformed structured output: truncated or unterminated JSON object
passage_rag|0|e2a5693a77693ab1cc4557a57eefb5e8	GenerationError: answer cites unknown claim id(s): ['p0']
passage_rag|0|a0ea6a0c8892e5157adedfbb3c7f5ad6	GenerationError: answer cites unknown claim id(s): ['c1']
passage_rag|0|1f3c6a8eb968fbf9eccc8e2d830ba666	GenerationError: answer cites unknown claim id(s): ['c1']
passage_rag|0|65f0490d120cbe2d9d5afa748e075c5d	GenerationError: answer cites unknown claim id(s): ['c1']
passage_rag|0|2585143648209a700eda64d55c3f6fd3	GenerationError: answer cites unknown claim id(s): ['c2']
passage_rag|0|8ea0b47c54b7fb761d1419185f63b17d	GenerationError: answer cites unknown claim id(s): ['c2']
passage_rag|0|2044dc8bb70c51c22751885c2b2c0c61	GenerationError: answer cites unknown claim id(s): ['p0']
passage_rag|0|ee8b5028eab3013d15629236621d9eca	GenerationError: answer cites unknown claim id(s): ['c1']
passage_rag|0|94f2edc456bf58af45fcd767419bdc5c	GenerationError: answer cites unknown claim id(s): ['c1']
passage_rag|0|06fe5e3bbac735be1aa72c19f2405175	GenerationError: answer cites unknown claim id(s): ['c0']
passage_rag|0|7e8731b7effbd14bb8fd2a76c5259e9a	GenerationError: answer cites unknown claim id(s): ['c0']
passage_rag|0|fe942f89a3207b42e0c640aa24b76806	GenerationError: answer cites unknown claim id(s): ['p0']
passage_rag|0|07256d35b1f24e908ea40eaa1051ab2d	GenerationError: answer cites unknown claim id(s): ['c0']
passage_rag|0|230b141df95ddc2978ba057f542ecffd	GenerationError: answer cites unknown claim id(s): ['LW1']
passage_rag|0|952eaad0601ba125123f09a1686d805e	GenerationError: answer cites unknown claim id(s): ['c1']
passage_rag|0|08b6d9389b72b23c9497915d31cfdc8f	GenerationError: answer cites unknown claim id(s): ['c0']
passage_rag|0|0e63adacd54bf66672928d073fe2de8d	GenerationError: answer cites unknown claim id(s): ['p0']
reranked_passage_rag|0|87b23ccb67781f8cc560c4e9fe6d250e	GenerationError: answer cites unknown claim id(s): ['c1']
reranked_passage_rag|0|ad6bc41fe6ebf69a7f90097d86dcac55	GenerationError: answer cites unknown claim id(s): ['c1']
reranked_passage_rag|0|9f1a26d273fd5bd11f2a672ebf5fd687	GenerationError: malformed structured output: truncated or unterminated JSON object
reranked_passage_rag|0|1e8cf5f6055220564f3918369565d9e4	GenerationError: malformed structured output: truncated or unterminated JSON object
reranked_passage_rag|0|e2a5693a77693ab1cc4557a57eefb5e8	GenerationError: answer cites unknown claim id(s): ['p0']
reranked_passage_rag|0|a0ea6a0c8892e5157adedfbb3c7f5ad6	GenerationError: answer cites unknown claim id(s): ['c1']
reranked_passage_rag|0|1f3c6a8eb968fbf9eccc8e2d830ba666	GenerationError: answer cites unknown claim id(s): ['c1']
reranked_passage_rag|0|65f0490d120cbe2d9d5afa748e075c5d	GenerationError: answer cites unknown claim id(s): ['c1']
reranked_passage_rag|0|2585143648209a700eda64d55c3f6fd3	GenerationError: answer cites unknown claim id(s): ['c2']
reranked_passage_rag|0|8ea0b47c54b7fb761d1419185f63b17d	GenerationError: answer cites unknown claim id(s): ['c2']
reranked_passage_rag|0|2044dc8bb70c51c22751885c2b2c0c61	GenerationError: answer cites unknown claim id(s): ['p0']
reranked_passage_rag|0|ee8b5028eab3013d15629236621d9eca	GenerationError: answer cites unknown claim id(s): ['c1']
reranked_passage_rag|0|94f2edc456bf58af45fcd767419bdc5c	GenerationError: answer cites unknown claim id(s): ['c1']
reranked_passage_rag|0|06fe5e3bbac735be1aa72c19f2405175	GenerationError: answer cites unknown claim id(s): ['c0']
reranked_passage_rag|0|7e8731b7effbd14bb8fd2a76c5259e9a	GenerationError: answer cites unknown claim id(s): ['c0']
reranked_passage_rag|0|fe942f89a3207b42e0c640aa24b76806	GenerationError: answer cites unknown claim id(s): ['p0']
reranked_passage_rag|0|07256d35b1f24e908ea40eaa1051ab2d	GenerationError: answer cites unknown claim id(s): ['c0']
reranked_passage_rag|0|230b141df95ddc2978ba057f542ecffd	GenerationError: answer cites unknown claim id(s): ['LW1']
reranked_passage_rag|0|952eaad0601ba125123f09a1686d805e	GenerationError: answer cites unknown claim id(s): ['c1']
reranked_passage_rag|0|08b6d9389b72b23c9497915d31cfdc8f	GenerationError: answer cites unknown claim id(s): ['c0']
reranked_passage_rag|0|0e63adacd54bf66672928d073fe2de8d	GenerationError: answer cites unknown claim id(s): ['p0']
claim_only_rag|0|50d1e4cc5525229a43d3a017a94d3526	GenerationError: malformed structured output: truncated or unterminated JSON object
claim_only_rag|0|9f1a26d273fd5bd11f2a672ebf5fd687	GenerationError: malformed structured output: truncated or unterminated JSON object
claim_only_rag|0|1e8cf5f6055220564f3918369565d9e4	GenerationError: malformed structured output: truncated or unterminated JSON object
claim_only_rag|0|a0ea6a0c8892e5157adedfbb3c7f5ad6	GenerationError: malformed structured output: truncated or unterminated JSON object
claim_only_rag|0|9abb8c47532abe484c5503cbbbb3c1cc	GenerationError: malformed structured output: truncated or unterminated JSON object
claim_only_rag|0|1f3c6a8eb968fbf9eccc8e2d830ba666	GenerationError: answer cites unknown claim id(s): ['source=A_Milli']
claim_only_rag|0|2585143648209a700eda64d55c3f6fd3	GenerationError: malformed structured output: truncated or unterminated JSON object
claim_only_rag|0|8ea0b47c54b7fb761d1419185f63b17d	GenerationError: answer cites unknown claim id(s): ['c1', 'c2']
claim_only_rag|0|4e5269c64f6e5fdce98df72ceec53135	GenerationError: malformed structured output: truncated or unterminated JSON object
claim_only_rag|0|2044dc8bb70c51c22751885c2b2c0c61	GenerationError: malformed structured output: truncated or unterminated JSON object
claim_only_rag|0|94f2edc456bf58af45fcd767419bdc5c	GenerationError: answer cites unknown claim id(s): ['c1', 'c2']
claim_only_rag|0|06fe5e3bbac735be1aa72c19f2405175	GenerationError: malformed structured output: truncated or unterminated JSON object
claim_only_rag|0|7e8731b7effbd14bb8fd2a76c5259e9a	GenerationError: answer cites unknown claim id(s): ['efa4689011eb7da7']
claim_only_rag|0|fe942f89a3207b42e0c640aa24b76806	GenerationError: answer cites unknown claim id(s): ['c28ac723db4858441', 'c8510acb3f606cfb7']
claim_only_rag|0|07256d35b1f24e908ea40eaa1051ab2d	GenerationError: malformed structured output: truncated or unterminated JSON object
claim_only_rag|0|230b141df95ddc2978ba057f542ecffd	GenerationError: answer cites unknown claim id(s): ['c2', 'c3']
claim_only_rag|0|08b6d9389b72b23c9497915d31cfdc8f	GenerationError: answer cites unknown claim id(s): ['c819b4700d04841f6', 'c9d99cc5f8e5eb2a']
claim_only_rag|0|0e63adacd54bf66672928d073fe2de8d	GenerationError: malformed structured output: truncated or unterminated JSON object
graph_no_propagation|0|ad6bc41fe6ebf69a7f90097d86dcac55	GenerationError: answer cites unknown claim id(s): ['source=Aleister_Crowley belief=0.45 utility=0.3']
graph_no_propagation|0|9f1a26d273fd5bd11f2a672ebf5fd687	GenerationError: malformed structured output: truncated or unterminated JSON object
graph_no_propagation|0|1e8cf5f6055220564f3918369565d9e4	GenerationError: malformed structured output: truncated or unterminated JSON object
graph_no_propagation|0|e2a5693a77693ab1cc4557a57eefb5e8	GenerationError: answer cites unknown claim id(s): ['be8e1c2c7411f3b2']
graph_no_propagation|0|a0ea6a0c8892e5157adedfbb3c7f5ad6	GenerationError: answer cites unknown claim id(s): ['c1']
graph_no_propagation|0|9abb8c47532abe484c5503cbbbb3c1cc	GenerationError: malformed structured output: truncated or unterminated JSON object
graph_no_propagation|0|1f3c6a8eb968fbf9eccc8e2d830ba666	GenerationError: answer cites unknown claim id(s): ['source=A_Milli']
graph_no_propagation|0|4e5269c64f6e5fdce98df72ceec53135	GenerationError: malformed structured output: truncated or unterminated JSON object
graph_no_propagation|0|aa02315da678cb93003ecd3154c5157c	GenerationError: malformed structured output: truncated or unterminated JSON object
graph_no_propagation|0|06fe5e3bbac735be1aa72c19f2405175	GenerationError: malformed structured output: truncated or unterminated JSON object
graph_no_propagation|0|7e8731b7effbd14bb8fd2a76c5259e9a	GenerationError: answer cites unknown claim id(s): ['efa4689011eb7da7']
graph_no_propagation|0|fe942f89a3207b42e0c640aa24b76806	GenerationError: malformed structured output: truncated or unterminated JSON object
graph_no_propagation|0|07256d35b1f24e908ea40eaa1051ab2d	GenerationError: malformed structured output: truncated or unterminated JSON object
graph_no_propagation|0|08b6d9389b72b23c9497915d31cfdc8f	GenerationError: answer cites unknown claim id(s): ['c9d99cc5f8e5eb2a']
graph_no_propagation|0|0e63adacd54bf66672928d073fe2de8d	GenerationError: malformed structured output: truncated or unterminated JSON object
graph_top_claim|0|ad6bc41fe6ebf69a7f90097d86dcac55	GenerationError: answer cites unknown claim id(s): ['source=Aleister_Crowley belief=0.45 utility=0.3']
graph_top_claim|0|9f1a26d273fd5bd11f2a672ebf5fd687	GenerationError: malformed structured output: truncated or unterminated JSON object
graph_top_claim|0|1e8cf5f6055220564f3918369565d9e4	GenerationError: malformed structured output: truncated or unterminated JSON object
graph_top_claim|0|a0ea6a0c8892e5157adedfbb3c7f5ad6	GenerationError: malformed structured output: truncated or unterminated JSON object
graph_top_claim|0|9abb8c47532abe484c5503cbbbb3c1cc	GenerationError: malformed structured output: truncated or unterminated JSON object
graph_top_claim|0|1f3c6a8eb968fbf9eccc8e2d830ba666	GenerationError: answer cites unknown claim id(s): ['source=A_Milli']
graph_top_claim|0|2585143648209a700eda64d55c3f6fd3	GenerationError: malformed structured output: truncated or unterminated JSON object
graph_top_claim|0|8ea0b47c54b7fb761d1419185f63b17d	GenerationError: answer cites unknown claim id(s): ['c1', 'c2']
graph_top_claim|0|4e5269c64f6e5fdce98df72ceec53135	GenerationError: malformed structured output: truncated or unterminated JSON object
graph_top_claim|0|aa02315da678cb93003ecd3154c5157c	GenerationError: malformed structured output: truncated or unterminated JSON object
graph_top_claim|0|2044dc8bb70c51c22751885c2b2c0c61	GenerationError: malformed structured output: truncated or unterminated JSON object
graph_top_claim|0|94f2edc456bf58af45fcd767419bdc5c	GenerationError: malformed structured output: truncated or unterminated JSON object
graph_top_claim|0|06fe5e3bbac735be1aa72c19f2405175	GenerationError: malformed structured output: truncated or unterminated JSON object
graph_top_claim|0|7e8731b7effbd14bb8fd2a76c5259e9a	GenerationError: answer cites unknown claim id(s): ['efa4689011eb7da7']
graph_top_claim|0|fe942f89a3207b42e0c640aa24b76806	GenerationError: answer cites unknown claim id(s): ['c28ac723db4858441', 'c8510acb3f606cfb7']
graph_top_claim|0|07256d35b1f24e908ea40eaa1051ab2d	GenerationError: malformed structured output: truncated or unterminated JSON object
graph_top_claim|0|230b141df95ddc2978ba057f542ecffd	GenerationError: answer cites unknown claim id(s): ['c1', 'c2']
graph_top_claim|0|08b6d9389b72b23c9497915d31cfdc8f	GenerationError: answer cites unknown claim id(s): ['c819b4700d04841f6', 'c9d99cc5f8e5eb2a']
graph_top_claim|0|0e63adacd54bf66672928d073fe2de8d	GenerationError: malformed structured output: truncated or unterminated JSON object
graph_coherent_subgraph|0|ad6bc41fe6ebf69a7f90097d86dcac55	GenerationError: answer cites unknown claim id(s): ['source=Aleister_Crowley belief=0.45 utility=0.3']
graph_coherent_subgraph|0|9f1a26d273fd5bd11f2a672ebf5fd687	GenerationError: malformed structured output: truncated or unterminated JSON object
graph_coherent_subgraph|0|1e8cf5f6055220564f3918369565d9e4	GenerationError: malformed structured output: truncated or unterminated JSON object
graph_coherent_subgraph|0|e2a5693a77693ab1cc4557a57eefb5e8	GenerationError: answer cites unknown claim id(s): ['be8e1c2c7411f3b2']
graph_coherent_subgraph|0|a0ea6a0c8892e5157adedfbb3c7f5ad6	GenerationError: answer cites unknown claim id(s): ['c1']
graph_coherent_subgraph|0|9abb8c47532abe484c5503cbbbb3c1cc	GenerationError: malformed structured output: truncated or unterminated JSON object
graph_coherent_subgraph|0|1f3c6a8eb968fbf9eccc8e2d830ba666	GenerationError: answer cites unknown claim id(s): ['source=A_Milli']
graph_coherent_subgraph|0|4e5269c64f6e5fdce98df72ceec53135	GenerationError: malformed structured output: truncated or unterminated JSON object
graph_coherent_subgraph|0|aa02315da678cb93003ecd3154c5157c	GenerationError: malformed structured output: truncated or unterminated JSON object
graph_coherent_subgraph|0|06fe5e3bbac735be1aa72c19f2405175	GenerationError: malformed structured output: truncated or unterminated JSON object
graph_coherent_subgraph|0|7e8731b7effbd14bb8fd2a76c5259e9a	GenerationError: answer cites unknown claim id(s): ['efa4689011eb7da7']
graph_coherent_subgraph|0|fe942f89a3207b42e0c640aa24b76806	GenerationError: malformed structured output: truncated or unterminated JSON object
graph_coherent_subgraph|0|07256d35b1f24e908ea40eaa1051ab2d	GenerationError: malformed structured output: truncated or unterminated JSON object
graph_coherent_subgraph|0|08b6d9389b72b23c9497915d31cfdc8f	GenerationError: answer cites unknown claim id(s): ['c9d99cc5f8e5eb2a']
graph_coherent_subgraph|0|0e63adacd54bf66672928d073fe2de8d	GenerationError: malformed structured output: truncated or unterminated JSON object
graph_no_temporal|0|ad6bc41fe6ebf69a7f90097d86dcac55	GenerationError: answer cites unknown claim id(s): ['source=Aleister_Crowley belief=0.45 utility=0.3']
graph_no_temporal|0|9f1a26d273fd5bd11f2a672ebf5fd687	GenerationError: malformed structured output: truncated or unterminated JSON object
graph_no_temporal|0|1e8cf5f6055220564f3918369565d9e4	GenerationError: malformed structured output: truncated or unterminated JSON object
graph_no_temporal|0|e2a5693a77693ab1cc4557a57eefb5e8	GenerationError: answer cites unknown claim id(s): ['be8e1c2c7411f3b2']
graph_no_temporal|0|a0ea6a0c8892e5157adedfbb3c7f5ad6	GenerationError: answer cites unknown claim id(s): ['c1']
graph_no_temporal|0|9abb8c47532abe484c5503cbbbb3c1cc	GenerationError: malformed structured output: truncated or unterminated JSON object
graph_no_temporal|0|1f3c6a8eb968fbf9eccc8e2d830ba666	GenerationError: answer cites unknown claim id(s): ['source=A_Milli']
graph_no_temporal|0|4e5269c64f6e5fdce98df72ceec53135	GenerationError: malformed structured output: truncated or unterminated JSON object
graph_no_temporal|0|aa02315da678cb93003ecd3154c5157c	GenerationError: malformed structured output: truncated or unterminated JSON object
graph_no_temporal|0|06fe5e3bbac735be1aa72c19f2405175	GenerationError: malformed structured output: truncated or unterminated JSON object
graph_no_temporal|0|7e8731b7effbd14bb8fd2a76c5259e9a	GenerationError: answer cites unknown claim id(s): ['efa4689011eb7da7']
graph_no_temporal|0|fe942f89a3207b42e0c640aa24b76806	GenerationError: malformed structured output: truncated or unterminated JSON object
graph_no_temporal|0|07256d35b1f24e908ea40eaa1051ab2d	GenerationError: malformed structured output: truncated or unterminated JSON object
graph_no_temporal|0|08b6d9389b72b23c9497915d31cfdc8f	GenerationError: answer cites unknown claim id(s): ['c9d99cc5f8e5eb2a']
graph_no_temporal|0|0e63adacd54bf66672928d073fe2de8d	GenerationError: malformed structured output: truncated or unterminated JSON object
graph_no_contradiction|0|ad6bc41fe6ebf69a7f90097d86dcac55	GenerationError: answer cites unknown claim id(s): ['source=Aleister_Crowley belief=0.45 utility=0.3']
graph_no_contradiction|0|9f1a26d273fd5bd11f2a672ebf5fd687	GenerationError: malformed structured output: truncated or unterminated JSON object
graph_no_contradiction|0|1e8cf5f6055220564f3918369565d9e4	GenerationError: malformed structured output: truncated or unterminated JSON object
graph_no_contradiction|0|e2a5693a77693ab1cc4557a57eefb5e8	GenerationError: answer cites unknown claim id(s): ['be8e1c2c7411f3b2']
graph_no_contradiction|0|a0ea6a0c8892e5157adedfbb3c7f5ad6	GenerationError: answer cites unknown claim id(s): ['c1']
graph_no_contradiction|0|9abb8c47532abe484c5503cbbbb3c1cc	GenerationError: malformed structured output: truncated or unterminated JSON object
graph_no_contradiction|0|1f3c6a8eb968fbf9eccc8e2d830ba666	GenerationError: answer cites unknown claim id(s): ['source=A_Milli']
graph_no_contradiction|0|4e5269c64f6e5fdce98df72ceec53135	GenerationError: malformed structured output: truncated or unterminated JSON object
graph_no_contradiction|0|aa02315da678cb93003ecd3154c5157c	GenerationError: malformed structured output: truncated or unterminated JSON object
graph_no_contradiction|0|06fe5e3bbac735be1aa72c19f2405175	GenerationError: malformed structured output: truncated or unterminated JSON object
graph_no_contradiction|0|7e8731b7effbd14bb8fd2a76c5259e9a	GenerationError: answer cites unknown claim id(s): ['efa4689011eb7da7']
graph_no_contradiction|0|fe942f89a3207b42e0c640aa24b76806	GenerationError: malformed structured output: truncated or unterminated JSON object
graph_no_contradiction|0|07256d35b1f24e908ea40eaa1051ab2d	GenerationError: malformed structured output: truncated or unterminated JSON object
graph_no_contradiction|0|08b6d9389b72b23c9497915d31cfdc8f	GenerationError: answer cites unknown claim id(s): ['c9d99cc5f8e5eb2a']
graph_no_contradiction|0|0e63adacd54bf66672928d073fe2de8d	GenerationError: malformed structured output: truncated or unterminated JSON object
graph_with_propagation|0|ad6bc41fe6ebf69a7f90097d86dcac55	GenerationError: answer cites unknown claim id(s): ['source=Aleister_Crowley belief=0.45 utility=0.3']
graph_with_propagation|0|9f1a26d273fd5bd11f2a672ebf5fd687	GenerationError: malformed structured output: truncated or unterminated JSON object
graph_with_propagation|0|1e8cf5f6055220564f3918369565d9e4	GenerationError: malformed structured output: truncated or unterminated JSON object
graph_with_propagation|0|e2a5693a77693ab1cc4557a57eefb5e8	GenerationError: answer cites unknown claim id(s): ['be8e1c2c7411f3b2']
graph_with_propagation|0|a0ea6a0c8892e5157adedfbb3c7f5ad6	GenerationError: answer cites unknown claim id(s): ['c1']
graph_with_propagation|0|9abb8c47532abe484c5503cbbbb3c1cc	GenerationError: malformed structured output: truncated or unterminated JSON object
graph_with_propagation|0|1f3c6a8eb968fbf9eccc8e2d830ba666	GenerationError: answer cites unknown claim id(s): ['source=A_Milli']
graph_with_propagation|0|4e5269c64f6e5fdce98df72ceec53135	GenerationError: malformed structured output: truncated or unterminated JSON object
graph_with_propagation|0|aa02315da678cb93003ecd3154c5157c	GenerationError: malformed structured output: truncated or unterminated JSON object
graph_with_propagation|0|06fe5e3bbac735be1aa72c19f2405175	GenerationError: malformed structured output: truncated or unterminated JSON object
graph_with_propagation|0|7e8731b7effbd14bb8fd2a76c5259e9a	GenerationError: answer cites unknown claim id(s): ['efa4689011eb7da7']
graph_with_propagation|0|fe942f89a3207b42e0c640aa24b76806	GenerationError: malformed structured output: truncated or unterminated JSON object
graph_with_propagation|0|07256d35b1f24e908ea40eaa1051ab2d	GenerationError: malformed structured output: truncated or unterminated JSON object
graph_with_propagation|0|08b6d9389b72b23c9497915d31cfdc8f	GenerationError: answer cites unknown claim id(s): ['c9d99cc5f8e5eb2a']
graph_with_propagation|0|0e63adacd54bf66672928d073fe2de8d	GenerationError: malformed structured output: truncated or unterminated JSON object
full_egrag|0|ad6bc41fe6ebf69a7f90097d86dcac55	GenerationError: answer cites unknown claim id(s): ['source=Aleister_Crowley belief=0.45 utility=0.3']
full_egrag|0|9f1a26d273fd5bd11f2a672ebf5fd687	GenerationError: malformed structured output: truncated or unterminated JSON object
full_egrag|0|1e8cf5f6055220564f3918369565d9e4	GenerationError: malformed structured output: truncated or unterminated JSON object
full_egrag|0|e2a5693a77693ab1cc4557a57eefb5e8	GenerationError: answer cites unknown claim id(s): ['be8e1c2c7411f3b2']
full_egrag|0|a0ea6a0c8892e5157adedfbb3c7f5ad6	GenerationError: answer cites unknown claim id(s): ['c1']
full_egrag|0|9abb8c47532abe484c5503cbbbb3c1cc	GenerationError: malformed structured output: truncated or unterminated JSON object
full_egrag|0|1f3c6a8eb968fbf9eccc8e2d830ba666	GenerationError: answer cites unknown claim id(s): ['source=A_Milli']
full_egrag|0|4e5269c64f6e5fdce98df72ceec53135	GenerationError: malformed structured output: truncated or unterminated JSON object
full_egrag|0|aa02315da678cb93003ecd3154c5157c	GenerationError: malformed structured output: truncated or unterminated JSON object
full_egrag|0|06fe5e3bbac735be1aa72c19f2405175	GenerationError: malformed structured output: truncated or unterminated JSON object
full_egrag|0|7e8731b7effbd14bb8fd2a76c5259e9a	GenerationError: answer cites unknown claim id(s): ['efa4689011eb7da7']
full_egrag|0|fe942f89a3207b42e0c640aa24b76806	GenerationError: malformed structured output: truncated or unterminated JSON object
full_egrag|0|07256d35b1f24e908ea40eaa1051ab2d	GenerationError: malformed structured output: truncated or unterminated JSON object
full_egrag|0|08b6d9389b72b23c9497915d31cfdc8f	GenerationError: answer cites unknown claim id(s): ['c9d99cc5f8e5eb2a']
full_egrag|0|0e63adacd54bf66672928d073fe2de8d	GenerationError: malformed structured output: truncated or unterminated JSON object
