passage_rag|42|syn-1	GenerationError: answer cites unknown claim id(s): ['c1', 'c2']
passage_rag|123|syn-1	GenerationError: answer cites unknown claim id(s): ['c1', 'c2']
passage_rag|2026|syn-1	GenerationError: answer cites unknown claim id(s): ['c1', 'c2']
reranked_passage_rag|42|syn-1	GenerationError: answer cites unknown claim id(s): ['c1', 'c2']
reranked_passage_rag|123|syn-1	GenerationError: answer cites unknown claim id(s): ['c1', 'c2']
reranked_passage_rag|2026|syn-1	GenerationError: answer cites unknown claim id(s): ['c1', 'c2']
claim_only_rag|42|syn-1	GenerationError: answer cites unknown claim id(s): ['c[91e4e65672e2aa53]']
claim_only_rag|42|syn-2	GenerationError: answer cites unknown claim id(s): ['c8ad9127410532acc', 'cc79cae55b0eb0bf4']
claim_only_rag|123|syn-1	GenerationError: answer cites unknown claim id(s): ['c[91e4e65672e2aa53]']
claim_only_rag|123|syn-2	GenerationError: answer cites unknown claim id(s): ['c8ad9127410532acc', 'cc79cae55b0eb0bf4']
claim_only_rag|2026|syn-1	GenerationError: answer cites unknown claim id(s): ['c[91e4e65672e2aa53]']
claim_only_rag|2026|syn-2	GenerationError: answer cites unknown claim id(s): ['c8ad9127410532acc', 'cc79cae55b0eb0bf4']
graph_no_propagation|42|syn-2	GenerationError: answer cites unknown claim id(s): ['c79cae55b0eb0bf4']
graph_no_propagation|123|syn-2	GenerationError: answer cites unknown claim id(s): ['c79cae55b0eb0bf4']
graph_no_propagation|2026|syn-2	GenerationError: answer cites unknown claim id(s): ['c79cae55b0eb0bf4']
graph_top_claim|42|syn-1	GenerationError: answer cites unknown claim id(s): ['c91e4e65672e2aa53', 'ca5d746cf03a7ccb8']
graph_top_claim|42|syn-2	GenerationError: answer cites unknown claim id(s): ['8ad9127410532acc', 'c79cae55b0eb0bf4']
graph_top_claim|123|syn-1	GenerationError: answer cites unknown claim id(s): ['c91e4e65672e2aa53', 'ca5d746cf03a7ccb8']
graph_top_claim|123|syn-2	GenerationError: answer cites unknown claim id(s): ['8ad9127410532acc', 'c79cae55b0eb0bf4']
graph_top_claim|2026|syn-1	GenerationError: answer cites unknown claim id(s): ['c91e4e65672e2aa53', 'ca5d746cf03a7ccb8']
graph_top_claim|2026|syn-2	GenerationError: answer cites unknown claim id(s): ['8ad9127410532acc', 'c79cae55b0eb0bf4']
graph_coherent_subgraph|42|syn-2	GenerationError: answer cites unknown claim id(s): ['c79cae55b0eb0bf4']
graph_coherent_subgraph|123|syn-2	GenerationError: answer cites unknown claim id(s): ['c79cae55b0eb0bf4']
graph_coherent_subgraph|2026|syn-2	GenerationError: answer cites unknown claim id(s): ['c79cae55b0eb0bf4']
graph_no_temporal|42|syn-2	GenerationError: answer cites unknown claim id(s): ['c79cae55b0eb0bf4']
graph_no_temporal|123|syn-2	GenerationError: answer cites unknown claim id(s): ['c79cae55b0eb0bf4']
graph_no_temporal|2026|syn-2	GenerationError: answer cites unknown claim id(s): ['c79cae55b0eb0bf4']
graph_no_contradiction|42|syn-2	GenerationError: answer cites unknown claim id(s): ['c79cae55b0eb0bf4']
graph_no_contradiction|123|syn-2	GenerationError: answer cites unknown claim id(s): ['c79cae55b0eb0bf4']
graph_no_contradiction|2026|syn-2	GenerationError: answer cites unknown claim id(s): ['c79cae55b0eb0bf4']
graph_with_propagation|42|syn-2	GenerationError: answer cites unknown claim id(s): ['c79cae55b0eb0bf4']
graph_with_propagation|123|syn-2	GenerationError: answer cites unknown claim id(s): ['c79cae55b0eb0bf4']
graph_with_propagation|2026|syn-2	GenerationError: answer cites unknown claim id(s): ['c79cae55b0eb0bf4']
full_egrag|42|syn-2	GenerationError: answer cites unknown claim id(s): ['c79cae55b0eb0bf4']
full_egrag|123|syn-2	GenerationError: answer cites unknown claim id(s): ['c79cae55b0eb0bf4']
full_egrag|2026|syn-2	GenerationError: answer cites unknown claim id(s): ['c79cae55b0eb0bf4']
