passage_rag|0|50d1e4cc5525229a43d3a017a94d3526	GenerationError: answer cites unknown claim id(s): ['c1']
passage_rag|0|ad6bc41fe6ebf69a7f90097d86dcac55	GenerationError: answer cites unknown claim id(s): ['c1']
passage_rag|0|a0ea6a0c8892e5157adedfbb3c7f5ad6	GenerationError: answer cites unknown claim id(s): ['c1']
passage_rag|0|1f3c6a8eb968fbf9eccc8e2d830ba666	GenerationError: answer cites unknown claim id(s): ['c1']
passage_rag|0|65f0490d120cbe2d9d5afa748e075c5d	GenerationError: answer cites unknown claim id(s): ['c1']
passage_rag|0|2585143648209a700eda64d55c3f6fd3	GenerationError: answer cites unknown claim id(s): ['c1']
passage_rag|0|94f2edc456bf58af45fcd767419bdc5c	GenerationError: answer cites unknown claim id(s): ['c1']
passage_rag|0|06fe5e3bbac735be1aa72c19f2405175	GenerationError: answer cites unknown claim id(s): ['c1']
passage_rag|0|7e8731b7effbd14bb8fd2a76c5259e9a	GenerationError: answer cites unknown claim id(s): ['c1']
passage_rag|0|07256d35b1f24e908ea40eaa1051ab2d	GenerationError: answer cites unknown claim id(s): ['c1']
passage_rag|0|08b6d9389b72b23c9497915d31cfdc8f	GenerationError: answer cites unknown claim id(s): ['c1']
passage_rag|0|0e63adacd54bf66672928d073fe2de8d	GenerationError: answer cites unknown claim id(s): ['c1']
reranked_passage_rag|0|50d1e4cc5525229a43d3a017a94d3526	GenerationError: answer cites unknown claim id(s): ['c1']
reranked_passage_rag|0|ad6bc41fe6ebf69a7f90097d86dcac55	GenerationError: answer cites unknown claim id(s): ['c1']
reranked_passage_rag|0|a0ea6a0c8892e5157adedfbb3c7f5ad6	GenerationError: answer cites unknown claim id(s): ['c1']
reranked_passage_rag|0|1f3c6a8eb968fbf9eccc8e2d830ba666	GenerationError: answer cites unknown claim id(s): ['c1']
reranked_passage_rag|0|65f0490d120cbe2d9d5afa748e075c5d	GenerationError: answer cites unknown claim id(s): ['c1']
reranked_passage_rag|0|2585143648209a700eda64d55c3f6fd3	GenerationError: answer cites unknown claim id(s): ['c1']
reranked_passage_rag|0|94f2edc456bf58af45fcd767419bdc5c	GenerationError: answer cites unknown claim id(s): ['c1']
reranked_passage_rag|0|06fe5e3bbac735be1aa72c19f2405175	GenerationError: answer cites unknown claim id(s): ['c1']
reranked_passage_rag|0|7e8731b7effbd14bb8fd2a76c5259e9a	GenerationError: answer cites unknown claim id(s): ['c1']
reranked_passage_rag|0|07256d35b1f24e908ea40eaa1051ab2d	GenerationError: answer cites unknown claim id(s): ['c1']
reranked_passage_rag|0|08b6d9389b72b23c9497915d31cfdc8f	GenerationError: answer cites unknown claim id(s): ['c1']
reranked_passage_rag|0|0e63adacd54bf66672928d073fe2de8d	GenerationError: answer cites unknown claim id(s): ['c1']
claim_only_rag|0|1e8cf5f6055220564f3918369565d9e4	GenerationError: answer cites unknown claim id(s): ['c-cfd91e2e83a84d2e']
claim_only_rag|0|06fe5e3bbac735be1aa72c19f2405175	GenerationError: answer cites unknown claim id(s): ['c1']
claim_only_rag|0|07256d35b1f24e908ea40eaa1051ab2d	GenerationError: answer cites unknown claim id(s): ['c1', 'c2']
graph_no_propagation|0|65f0490d120cbe2d9d5afa748e075c5d	GenerationError: answer cites unknown claim id(s): ['c1']
graph_no_propagation|0|07256d35b1f24e908ea40eaa1051ab2d	GenerationError: answer cites unknown claim id(s): ['c8084a38a4c55d09']
graph_top_claim|0|1e8cf5f6055220564f3918369565d9e4	GenerationError: answer cites unknown claim id(s): ['a8be7321140219a2', 'c07dbecf0dea9c64', 'cfd91e2e83a84d2e']
graph_top_claim|0|07256d35b1f24e908ea40eaa1051ab2d	GenerationError: answer cites unknown claim id(s): ['c8084a38a4c55d09']
graph_coherent_subgraph|0|65f0490d120cbe2d9d5afa748e075c5d	GenerationError: answer cites unknown claim id(s): ['c1']
graph_coherent_subgraph|0|07256d35b1f24e908ea40eaa1051ab2d	GenerationError: answer cites unknown claim id(s): ['c8084a38a4c55d09']
graph_no_temporal|0|65f0490d120cbe2d9d5afa748e075c5d	GenerationError: answer cites unknown claim id(s): ['c1']
graph_no_temporal|0|07256d35b1f24e908ea40eaa1051ab2d	GenerationError: answer cites unknown claim id(s): ['c8084a38a4c55d09']
graph_no_contradiction|0|65f0490d120cbe2d9d5afa748e075c5d	GenerationError: answer cites unknown claim id(s): ['c1']
graph_no_contradiction|0|07256d35b1f24e908ea40eaa1051ab2d	GenerationError: answer cites unknown claim id(s): ['c8084a38a4c55d09']
graph_with_propagation|0|65f0490d120cbe2d9d5afa748e075c5d	GenerationError: answer cites unknown claim id(s): ['c1']
graph_with_propagation|0|07256d35b1f24e908ea40eaa1051ab2d	GenerationError: answer cites unknown claim id(s): ['c8084a38a4c55d09']
full_egrag|0|65f0490d120cbe2d9d5afa748e075c5d	GenerationError: answer cites unknown claim id(s): ['c1']
full_egrag|0|07256d35b1f24e908ea40eaa1051ab2d	GenerationError: answer cites unknown claim id(s): ['c8084a38a4c55d09']
